19:20:47 **** Incremental Build of configuration Debug for project Blink ****
make -j8 all 
arm-none-eabi-gcc -o "Blink.elf" @"objects.list"   -mcpu=cortex-m4 -T"E:\test\New folder (2)\Blink\STM32F401CCUX_FLASH.ld" --specs=nosys.specs -Wl,-Map="Blink.map" -Wl,--gc-sections -static --specs=nano.specs -mfpu=fpv4-sp-d16 -mfloat-abi=hard -mthumb -Wl,--start-group -lc -lm -Wl,--end-group
Finished building target: Blink.elf
 
arm-none-eabi-size   Blink.elf 
arm-none-eabi-objdump -h -S  Blink.elf  > "Blink.list"
arm-none-eabi-objcopy  -O ihex  Blink.elf  "Blink.hex"
arm-none-eabi-objcopy  -O binary  Blink.elf  "Blink.bin"
   text	   data	    bss	    dec	    hex	filename
   5720	     20	   1572	   7312	   1c90	Blink.elf
Finished building: default.size.stdout
 
Finished building: Blink.hex
Finished building: Blink.bin
 
 
Finished building: Blink.list
 
